c:\users\10634\desktop\919gcam修改\update\gcamv8.2\exe\release\population.obj
c:\users\10634\desktop\919gcam修改\update\gcamv8.2\exe\release\magicc_io_helpers.obj
c:\users\10634\desktop\919gcam修改\update\gcamv8.2\exe\release\info_factory.obj
c:\users\10634\desktop\919gcam修改\update\gcamv8.2\exe\release\male.obj
c:\users\10634\desktop\919gcam修改\update\gcamv8.2\exe\release\objects_magicc.obj
c:\users\10634\desktop\919gcam修改\update\gcamv8.2\exe\release\magicc_array.obj
c:\users\10634\desktop\919gcam修改\update\gcamv8.2\exe\release\info.obj
c:\users\10634\desktop\919gcam修改\update\gcamv8.2\exe\release\mac_generator_scenario_runner.obj
c:\users\10634\desktop\919gcam修改\update\gcamv8.2\exe\release\objects_magicc_others.obj
c:\users\10634\desktop\919gcam修改\update\gcamv8.2\exe\release\age_cohort.obj
c:\users\10634\desktop\919gcam修改\update\gcamv8.2\exe\release\land_allocator_activity.obj
c:\users\10634\desktop\919gcam修改\update\gcamv8.2\exe\release\resource_activity.obj
c:\users\10634\desktop\919gcam修改\update\gcamv8.2\exe\release\population_mini_cam.obj
c:\users\10634\desktop\919gcam修改\update\gcamv8.2\exe\release\carbon_model_utils.obj
c:\users\10634\desktop\919gcam修改\update\gcamv8.2\exe\release\output_driver.obj
c:\users\10634\desktop\919gcam修改\update\gcamv8.2\exe\release\hector_model.obj
c:\users\10634\desktop\919gcam修改\update\gcamv8.2\exe\release\female.obj
c:\users\10634\desktop\919gcam修改\update\gcamv8.2\exe\release\final_demand_activity.obj
c:\users\10634\desktop\919gcam修改\update\gcamv8.2\exe\release\gender.obj
c:\users\10634\desktop\919gcam修改\update\gcamv8.2\exe\release\demographic.obj
c:\users\10634\desktop\919gcam修改\update\gcamv8.2\exe\release\no_climate_model.obj
c:\users\10634\desktop\919gcam修改\update\gcamv8.2\exe\release\vc140.pdb
c:\users\10634\desktop\919gcam修改\update\gcamv8.2\exe\release\objects-main.tlog\cl.11880.write.1.tlog
c:\users\10634\desktop\919gcam修改\update\gcamv8.2\exe\release\objects-main.tlog\cl.command.1.tlog
c:\users\10634\desktop\919gcam修改\update\gcamv8.2\exe\release\objects-main.tlog\cl.read.1.tlog
