c:\users\10634\desktop\919gcam修改\update\gcamv8.2\exe\debug\resource_activity.obj
c:\users\10634\desktop\919gcam修改\update\gcamv8.2\exe\debug\input_driver.obj
c:\users\10634\desktop\919gcam修改\update\gcamv8.2\exe\debug\and_solution_info_filter.obj
c:\users\10634\desktop\919gcam修改\update\gcamv8.2\exe\debug\not_solution_info_filter.obj
c:\users\10634\desktop\919gcam修改\update\gcamv8.2\exe\debug\solvable_solution_info_filter.obj
c:\users\10634\desktop\919gcam修改\update\gcamv8.2\exe\debug\s_curve_interpolation_function.obj
c:\users\10634\desktop\919gcam修改\update\gcamv8.2\exe\debug\minicam_leontief_production_function.obj
c:\users\10634\desktop\919gcam修改\update\gcamv8.2\exe\debug\magicc_io_helpers.obj
c:\users\10634\desktop\919gcam修改\update\gcamv8.2\exe\debug\population_mini_cam.obj
c:\users\10634\desktop\919gcam修改\update\gcamv8.2\exe\debug\accumulated_post_grade.obj
c:\users\10634\desktop\919gcam修改\update\gcamv8.2\exe\debug\market_name_solution_info_filter.obj
c:\users\10634\desktop\919gcam修改\update\gcamv8.2\exe\debug\curve.obj
c:\users\10634\desktop\919gcam修改\update\gcamv8.2\exe\debug\concentration_target.obj
c:\users\10634\desktop\919gcam修改\update\gcamv8.2\exe\debug\hector_model.obj
c:\users\10634\desktop\919gcam修改\update\gcamv8.2\exe\debug\female.obj
c:\users\10634\desktop\919gcam修改\update\gcamv8.2\exe\debug\secanter.obj
c:\users\10634\desktop\919gcam修改\update\gcamv8.2\exe\debug\mapped_file.obj
c:\users\10634\desktop\919gcam修改\update\gcamv8.2\exe\debug\explicit_point_set.obj
c:\users\10634\desktop\919gcam修改\update\gcamv8.2\exe\debug\objects_magicc_others.obj
c:\users\10634\desktop\919gcam修改\update\gcamv8.2\exe\debug\land_allocator_activity.obj
c:\users\10634\desktop\919gcam修改\update\gcamv8.2\exe\debug\gender.obj
c:\users\10634\desktop\919gcam修改\update\gcamv8.2\exe\debug\price_greater_than_solution_info_filter.obj
c:\users\10634\desktop\919gcam修改\update\gcamv8.2\exe\debug\cal_data_output.obj
c:\users\10634\desktop\919gcam修改\update\gcamv8.2\exe\debug\retired_production_state.obj
c:\users\10634\desktop\919gcam修改\update\gcamv8.2\exe\debug\emissions_stabalization_target.obj
c:\users\10634\desktop\919gcam修改\update\gcamv8.2\exe\debug\cumulative_emissions_target.obj
c:\users\10634\desktop\919gcam修改\update\gcamv8.2\exe\debug\global_technology_database.obj
c:\users\10634\desktop\919gcam修改\update\gcamv8.2\exe\debug\configuration.obj
c:\users\10634\desktop\919gcam修改\update\gcamv8.2\exe\debug\point_set.obj
c:\users\10634\desktop\919gcam修改\update\gcamv8.2\exe\debug\function_utils.obj
c:\users\10634\desktop\919gcam修改\update\gcamv8.2\exe\debug\temperature_target.obj
c:\users\10634\desktop\919gcam修改\update\gcamv8.2\exe\debug\input_output_driver.obj
c:\users\10634\desktop\919gcam修改\update\gcamv8.2\exe\debug\magicc_array.obj
c:\users\10634\desktop\919gcam修改\update\gcamv8.2\exe\debug\solution_info_param_parser.obj
c:\users\10634\desktop\919gcam修改\update\gcamv8.2\exe\debug\linear_interpolation_function.obj
c:\users\10634\desktop\919gcam修改\update\gcamv8.2\exe\debug\unsolved_solution_info_filter.obj
c:\users\10634\desktop\919gcam修改\update\gcamv8.2\exe\debug\profit_shutdown_decider.obj
c:\users\10634\desktop\919gcam修改\update\gcamv8.2\exe\debug\fixed_interpolation_function.obj
c:\users\10634\desktop\919gcam修改\update\gcamv8.2\exe\debug\point_set_curve.obj
c:\users\10634\desktop\919gcam修改\update\gcamv8.2\exe\debug\leontief_production_function.obj
c:\users\10634\desktop\919gcam修改\update\gcamv8.2\exe\debug\final_demand_activity.obj
c:\users\10634\desktop\919gcam修改\update\gcamv8.2\exe\debug\population.obj
c:\users\10634\desktop\919gcam修改\update\gcamv8.2\exe\debug\solvable_nr_solution_info_filter.obj
c:\users\10634\desktop\919gcam修改\update\gcamv8.2\exe\debug\atom_registry.obj
c:\users\10634\desktop\919gcam修改\update\gcamv8.2\exe\debug\util.obj
c:\users\10634\desktop\919gcam修改\update\gcamv8.2\exe\debug\ces_production_function.obj
c:\users\10634\desktop\919gcam修改\update\gcamv8.2\exe\debug\demographic.obj
c:\users\10634\desktop\919gcam修改\update\gcamv8.2\exe\debug\market_matches_solution_info_filter.obj
c:\users\10634\desktop\919gcam修改\update\gcamv8.2\exe\debug\s_curve_shutdown_decider.obj
c:\users\10634\desktop\919gcam修改\update\gcamv8.2\exe\debug\logit_production_function.obj
c:\users\10634\desktop\919gcam修改\update\gcamv8.2\exe\debug\target_factory.obj
c:\users\10634\desktop\919gcam修改\update\gcamv8.2\exe\debug\male.obj
c:\users\10634\desktop\919gcam修改\update\gcamv8.2\exe\debug\phased_shutdown_decider.obj
c:\users\10634\desktop\919gcam修改\update\gcamv8.2\exe\debug\atom.obj
c:\users\10634\desktop\919gcam修改\update\gcamv8.2\exe\debug\data_point.obj
c:\users\10634\desktop\919gcam修改\update\gcamv8.2\exe\debug\function_manager.obj
c:\users\10634\desktop\919gcam修改\update\gcamv8.2\exe\debug\nested_ces_production_function.obj
c:\users\10634\desktop\919gcam修改\update\gcamv8.2\exe\debug\objects_magicc.obj
c:\users\10634\desktop\919gcam修改\update\gcamv8.2\exe\debug\output_driver.obj
c:\users\10634\desktop\919gcam修改\update\gcamv8.2\exe\debug\accumulated_grade.obj
c:\users\10634\desktop\919gcam修改\update\gcamv8.2\exe\debug\has_market_flag_solution_info_filter.obj
c:\users\10634\desktop\919gcam修改\update\gcamv8.2\exe\debug\gcam_fusion.obj
c:\users\10634\desktop\919gcam修改\update\gcamv8.2\exe\debug\aproduction_function.obj
c:\users\10634\desktop\919gcam修改\update\gcamv8.2\exe\debug\carbon_model_utils.obj
c:\users\10634\desktop\919gcam修改\update\gcamv8.2\exe\debug\age_cohort.obj
c:\users\10634\desktop\919gcam修改\update\gcamv8.2\exe\debug\grade.obj
c:\users\10634\desktop\919gcam修改\update\gcamv8.2\exe\debug\price_less_than_solution_info_filter.obj
c:\users\10634\desktop\919gcam修改\update\gcamv8.2\exe\debug\cal_data_output_percap.obj
c:\users\10634\desktop\919gcam修改\update\gcamv8.2\exe\debug\model_time.obj
c:\users\10634\desktop\919gcam修改\update\gcamv8.2\exe\debug\magicc_model.obj
c:\users\10634\desktop\919gcam修改\update\gcamv8.2\exe\debug\bisecter.obj
c:\users\10634\desktop\919gcam修改\update\gcamv8.2\exe\debug\land_use_history.obj
c:\users\10634\desktop\919gcam修改\update\gcamv8.2\exe\debug\solver_factory.obj
c:\users\10634\desktop\919gcam修改\update\gcamv8.2\exe\debug\solution_info_filter_factory.obj
c:\users\10634\desktop\919gcam修改\update\gcamv8.2\exe\debug\rcp_forcing_target.obj
c:\users\10634\desktop\919gcam修改\update\gcamv8.2\exe\debug\minicam_input.obj
c:\users\10634\desktop\919gcam修改\update\gcamv8.2\exe\debug\mac_generator_scenario_runner.obj
c:\users\10634\desktop\919gcam修改\update\gcamv8.2\exe\debug\all_solution_info_filter.obj
c:\users\10634\desktop\919gcam修改\update\gcamv8.2\exe\debug\kyoto_forcing_target.obj
c:\users\10634\desktop\919gcam修改\update\gcamv8.2\exe\debug\variable_production_state.obj
c:\users\10634\desktop\919gcam修改\update\gcamv8.2\exe\debug\forcing_target.obj
c:\users\10634\desktop\919gcam修改\update\gcamv8.2\exe\debug\no_climate_model.obj
c:\users\10634\desktop\919gcam修改\update\gcamv8.2\exe\debug\or_solution_info_filter.obj
c:\users\10634\desktop\919gcam修改\update\gcamv8.2\exe\debug\xy_data_point.obj
c:\users\10634\desktop\919gcam修改\update\gcamv8.2\exe\debug\objects-main.tlog\cl.11984.write.1.tlog
c:\users\10634\desktop\919gcam修改\update\gcamv8.2\exe\debug\objects-main.tlog\cl.command.1.tlog
c:\users\10634\desktop\919gcam修改\update\gcamv8.2\exe\debug\objects-main.tlog\cl.read.1.tlog
